Archive member included to satisfy reference by file (symbol)

/opt/st/stm32cubeide_1.15.0/plugins/com.st.stm32cube.ide.mcu.externaltools.gnu-tools-for-stm32.12.3.rel1.linux64_1.0.100.202403111256/tools/bin/../lib/gcc/arm-none-eabi/12.3.1/../../../../arm-none-eabi/lib/thumb/v7e-m+fp/hard/libc_nano.a(libc_a-exit.o)
                              /opt/st/stm32cubeide_1.15.0/plugins/com.st.stm32cube.ide.mcu.externaltools.gnu-tools-for-stm32.12.3.rel1.linux64_1.0.100.202403111256/tools/bin/../lib/gcc/arm-none-eabi/12.3.1/../../../../arm-none-eabi/lib/thumb/v7e-m+fp/hard/crt0.o (exit)
/opt/st/stm32cubeide_1.15.0/plugins/com.st.stm32cube.ide.mcu.externaltools.gnu-tools-for-stm32.12.3.rel1.linux64_1.0.100.202403111256/tools/bin/../lib/gcc/arm-none-eabi/12.3.1/../../../../arm-none-eabi/lib/thumb/v7e-m+fp/hard/libc_nano.a(libc_a-findfp.o)
                              /opt/st/stm32cubeide_1.15.0/plugins/com.st.stm32cube.ide.mcu.externaltools.gnu-tools-for-stm32.12.3.rel1.linux64_1.0.100.202403111256/tools/bin/../lib/gcc/arm-none-eabi/12.3.1/../../../../arm-none-eabi/lib/thumb/v7e-m+fp/hard/libc_nano.a(libc_a-exit.o) (__stdio_exit_handler)
/opt/st/stm32cubeide_1.15.0/plugins/com.st.stm32cube.ide.mcu.externaltools.gnu-tools-for-stm32.12.3.rel1.linux64_1.0.100.202403111256/tools/bin/../lib/gcc/arm-none-eabi/12.3.1/../../../../arm-none-eabi/lib/thumb/v7e-m+fp/hard/libc_nano.a(libc_a-fwalk.o)
                              /opt/st/stm32cubeide_1.15.0/plugins/com.st.stm32cube.ide.mcu.externaltools.gnu-tools-for-stm32.12.3.rel1.linux64_1.0.100.202403111256/tools/bin/../lib/gcc/arm-none-eabi/12.3.1/../../../../arm-none-eabi/lib/thumb/v7e-m+fp/hard/libc_nano.a(libc_a-findfp.o) (_fwalk_sglue)
/opt/st/stm32cubeide_1.15.0/plugins/com.st.stm32cube.ide.mcu.externaltools.gnu-tools-for-stm32.12.3.rel1.linux64_1.0.100.202403111256/tools/bin/../lib/gcc/arm-none-eabi/12.3.1/../../../../arm-none-eabi/lib/thumb/v7e-m+fp/hard/libc_nano.a(libc_a-stdio.o)
                              /opt/st/stm32cubeide_1.15.0/plugins/com.st.stm32cube.ide.mcu.externaltools.gnu-tools-for-stm32.12.3.rel1.linux64_1.0.100.202403111256/tools/bin/../lib/gcc/arm-none-eabi/12.3.1/../../../../arm-none-eabi/lib/thumb/v7e-m+fp/hard/libc_nano.a(libc_a-findfp.o) (__sread)
/opt/st/stm32cubeide_1.15.0/plugins/com.st.stm32cube.ide.mcu.externaltools.gnu-tools-for-stm32.12.3.rel1.linux64_1.0.100.202403111256/tools/bin/../lib/gcc/arm-none-eabi/12.3.1/../../../../arm-none-eabi/lib/thumb/v7e-m+fp/hard/libc_nano.a(libc_a-memset.o)
                              /opt/st/stm32cubeide_1.15.0/plugins/com.st.stm32cube.ide.mcu.externaltools.gnu-tools-for-stm32.12.3.rel1.linux64_1.0.100.202403111256/tools/bin/../lib/gcc/arm-none-eabi/12.3.1/../../../../arm-none-eabi/lib/thumb/v7e-m+fp/hard/crt0.o (memset)
/opt/st/stm32cubeide_1.15.0/plugins/com.st.stm32cube.ide.mcu.externaltools.gnu-tools-for-stm32.12.3.rel1.linux64_1.0.100.202403111256/tools/bin/../lib/gcc/arm-none-eabi/12.3.1/../../../../arm-none-eabi/lib/thumb/v7e-m+fp/hard/libc_nano.a(libc_a-closer.o)
                              /opt/st/stm32cubeide_1.15.0/plugins/com.st.stm32cube.ide.mcu.externaltools.gnu-tools-for-stm32.12.3.rel1.linux64_1.0.100.202403111256/tools/bin/../lib/gcc/arm-none-eabi/12.3.1/../../../../arm-none-eabi/lib/thumb/v7e-m+fp/hard/libc_nano.a(libc_a-stdio.o) (_close_r)
/opt/st/stm32cubeide_1.15.0/plugins/com.st.stm32cube.ide.mcu.externaltools.gnu-tools-for-stm32.12.3.rel1.linux64_1.0.100.202403111256/tools/bin/../lib/gcc/arm-none-eabi/12.3.1/../../../../arm-none-eabi/lib/thumb/v7e-m+fp/hard/libc_nano.a(libc_a-reent.o)
                              /opt/st/stm32cubeide_1.15.0/plugins/com.st.stm32cube.ide.mcu.externaltools.gnu-tools-for-stm32.12.3.rel1.linux64_1.0.100.202403111256/tools/bin/../lib/gcc/arm-none-eabi/12.3.1/../../../../arm-none-eabi/lib/thumb/v7e-m+fp/hard/libc_nano.a(libc_a-closer.o) (errno)
/opt/st/stm32cubeide_1.15.0/plugins/com.st.stm32cube.ide.mcu.externaltools.gnu-tools-for-stm32.12.3.rel1.linux64_1.0.100.202403111256/tools/bin/../lib/gcc/arm-none-eabi/12.3.1/../../../../arm-none-eabi/lib/thumb/v7e-m+fp/hard/libc_nano.a(libc_a-impure.o)
                              /opt/st/stm32cubeide_1.15.0/plugins/com.st.stm32cube.ide.mcu.externaltools.gnu-tools-for-stm32.12.3.rel1.linux64_1.0.100.202403111256/tools/bin/../lib/gcc/arm-none-eabi/12.3.1/../../../../arm-none-eabi/lib/thumb/v7e-m+fp/hard/libc_nano.a(libc_a-reent.o) (_impure_ptr)
/opt/st/stm32cubeide_1.15.0/plugins/com.st.stm32cube.ide.mcu.externaltools.gnu-tools-for-stm32.12.3.rel1.linux64_1.0.100.202403111256/tools/bin/../lib/gcc/arm-none-eabi/12.3.1/../../../../arm-none-eabi/lib/thumb/v7e-m+fp/hard/libc_nano.a(libc_a-lseekr.o)
                              /opt/st/stm32cubeide_1.15.0/plugins/com.st.stm32cube.ide.mcu.externaltools.gnu-tools-for-stm32.12.3.rel1.linux64_1.0.100.202403111256/tools/bin/../lib/gcc/arm-none-eabi/12.3.1/../../../../arm-none-eabi/lib/thumb/v7e-m+fp/hard/libc_nano.a(libc_a-stdio.o) (_lseek_r)
[...]
Memory Configuration

Name             Origin             Length             Attributes
RAM              0x20000000         0x00020000         xrw
FLASH            0x08000000         0x00080000         xr
*default*        0x00000000         0xffffffff

Linker script and memory map

LOAD /opt/st/stm32cubeide_1.15.0/plugins/com.st.stm32cube.ide.mcu.externaltools.gnu-tools-for-stm32.12.3.rel1.linux64_1.0.100.202403111256/tools/bin/../lib/gcc/arm-none-eabi/12.3.1/thumb/v7e-m+fp/hard/crti.o
LOAD /opt/st/stm32cubeide_1.15.0/plugins/com.st.stm32cube.ide.mcu.externaltools.gnu-tools-for-stm32.12.3.rel1.linux64_1.0.100.202403111256/tools/bin/../lib/gcc/arm-none-eabi/12.3.1/thumb/v7e-m+fp/hard/crtbegin.o
LOAD /opt/st/stm32cubeide_1.15.0/plugins/com.st.stm32cube.ide.mcu.externaltools.gnu-tools-for-stm32.12.3.rel1.linux64_1.0.100.202403111256/tools/bin/../lib/gcc/arm-none-eabi/12.3.1/../../../../arm-none-eabi/lib/thumb/v7e-m+fp/hard/crt0.o
LOAD ./Core/Src/main.o
LOAD ./Core/Src/stm32f4xx_hal_msp.o
LOAD ./Core/Src/stm32f4xx_it.o
LOAD ./Core/Src/syscalls.o
LOAD ./Core/Src/sysmem.o
LOAD ./Core/Src/system_stm32f4xx.o
LOAD ./Core/Startup/startup_stm32f446retx.o
LOAD ./Drivers/STM32F4xx_HAL_Driver/Src/stm32f4xx_hal.o
LOAD ./Drivers/STM32F4xx_HAL_Driver/Src/stm32f4xx_hal_cortex.o
LOAD ./Drivers/STM32F4xx_HAL_Driver/Src/stm32f4xx_hal_dma.o
LOAD ./Drivers/STM32F4xx_HAL_Driver/Src/stm32f4xx_hal_dma_ex.o
LOAD ./Drivers/STM32F4xx_HAL_Driver/Src/stm32f4xx_hal_exti.o
LOAD ./Drivers/STM32F4xx_HAL_Driver/Src/stm32f4xx_hal_flash.o
LOAD ./Drivers/STM32F4xx_HAL_Driver/Src/stm32f4xx_hal_flash_ex.o
LOAD ./Drivers/STM32F4xx_HAL_Driver/Src/stm32f4xx_hal_flash_ramfunc.o
LOAD ./Drivers/STM32F4xx_HAL_Driver/Src/stm32f4xx_hal_gpio.o
LOAD ./Drivers/STM32F4xx_HAL_Driver/Src/stm32f4xx_hal_pwr.o
LOAD ./Drivers/STM32F4xx_HAL_Driver/Src/stm32f4xx_hal_pwr_ex.o
LOAD ./Drivers/STM32F4xx_HAL_Driver/Src/stm32f4xx_hal_rcc.o
LOAD ./Drivers/STM32F4xx_HAL_Driver/Src/stm32f4xx_hal_rcc_ex.o
LOAD ./Drivers/STM32F4xx_HAL_Driver/Src/stm32f4xx_hal_tim.o
LOAD ./Drivers/STM32F4xx_HAL_Driver/Src/stm32f4xx_hal_tim_ex.o
LOAD ./Drivers/STM32F4xx_HAL_Driver/Src/stm32f4xx_hal_uart.o
LOAD ./Library/microtbx/tbx_aes256.o
LOAD ./Library/microtbx/tbx_assert.o
LOAD ./Library/microtbx/tbx_checksum.o
LOAD ./Library/microtbx/tbx_comp.o
LOAD ./Library/microtbx/tbx_critsect.o
LOAD ./Library/microtbx/tbx_crypto.o
LOAD ./Library/microtbx/tbx_heap.o
LOAD ./Library/microtbx/tbx_list.o
LOAD ./Library/microtbx/tbx_mempool.o
LOAD ./Library/microtbx/tbx_platform.o
LOAD ./Library/microtbx/tbx_random.o
LOAD ./Library/microtbx-modbus/tbxmb_client.o
LOAD ./Library/microtbx-modbus/tbxmb_event.o
LOAD ./Library/microtbx-modbus/tbxmb_port.o
LOAD ./Library/microtbx-modbus/tbxmb_rtu.o
LOAD ./Library/microtbx-modbus/tbxmb_server.o
LOAD ./Library/microtbx-modbus/tbxmb_superloop.o
LOAD ./Library/microtbx-modbus/tbxmb_uart.o
START GROUP
LOAD /opt/st/stm32cubeide_1.15.0/plugins/com.st.stm32cube.ide.mcu.externaltools.gnu-tools-for-stm32.12.3.rel1.linux64_1.0.100.202403111256/tools/bin/../lib/gcc/arm-none-eabi/12.3.1/../../../../arm-none-eabi/lib/thumb/v7e-m+fp/hard/libc_nano.a
LOAD /opt/st/stm32cubeide_1.15.0/plugins/com.st.stm32cube.ide.mcu.externaltools.gnu-tools-for-stm32.12.3.rel1.linux64_1.0.100.202403111256/tools/bin/../lib/gcc/arm-none-eabi/12.3.1/../../../../arm-none-eabi/lib/thumb/v7e-m+fp/hard/libm.a
END GROUP
START GROUP
LOAD /opt/st/stm32cubeide_1.15.0/plugins/com.st.stm32cube.ide.mcu.externaltools.gnu-tools-for-stm32.12.3.rel1.linux64_1.0.100.202403111256/tools/bin/../lib/gcc/arm-none-eabi/12.3.1/thumb/v7e-m+fp/hard/libgcc.a
LOAD /opt/st/stm32cubeide_1.15.0/plugins/com.st.stm32cube.ide.mcu.externaltools.gnu-tools-for-stm32.12.3.rel1.linux64_1.0.100.202403111256/tools/bin/../lib/gcc/arm-none-eabi/12.3.1/../../../../arm-none-eabi/lib/thumb/v7e-m+fp/hard/libc_nano.a
END GROUP
START GROUP
LOAD /opt/st/stm32cubeide_1.15.0/plugins/com.st.stm32cube.ide.mcu.externaltools.gnu-tools-for-stm32.12.3.rel1.linux64_1.0.100.202403111256/tools/bin/../lib/gcc/arm-none-eabi/12.3.1/thumb/v7e-m+fp/hard/libgcc.a
LOAD /opt/st/stm32cubeide_1.15.0/plugins/com.st.stm32cube.ide.mcu.externaltools.gnu-tools-for-stm32.12.3.rel1.linux64_1.0.100.202403111256/tools/bin/../lib/gcc/arm-none-eabi/12.3.1/../../../../arm-none-eabi/lib/thumb/v7e-m+fp/hard/libc_nano.a
LOAD /opt/st/stm32cubeide_1.15.0/plugins/com.st.stm32cube.ide.mcu.externaltools.gnu-tools-for-stm32.12.3.rel1.linux64_1.0.100.202403111256/tools/bin/../lib/gcc/arm-none-eabi/12.3.1/../../../../arm-none-eabi/lib/thumb/v7e-m+fp/hard/libnosys.a
END GROUP
START GROUP
LOAD /opt/st/stm32cubeide_1.15.0/plugins/com.st.stm32cube.ide.mcu.externaltools.gnu-tools-for-stm32.12.3.rel1.linux64_1.0.100.202403111256/tools/bin/../lib/gcc/arm-none-eabi/12.3.1/thumb/v7e-m+fp/hard/libgcc.a
LOAD /opt/st/stm32cubeide_1.15.0/plugins/com.st.stm32cube.ide.mcu.externaltools.gnu-tools-for-stm32.12.3.rel1.linux64_1.0.100.202403111256/tools/bin/../lib/gcc/arm-none-eabi/12.3.1/../../../../arm-none-eabi/lib/thumb/v7e-m+fp/hard/libc_nano.a
LOAD /opt/st/stm32cubeide_1.15.0/plugins/com.st.stm32cube.ide.mcu.externaltools.gnu-tools-for-stm32.12.3.rel1.linux64_1.0.100.202403111256/tools/bin/../lib/gcc/arm-none-eabi/12.3.1/../../../../arm-none-eabi/lib/thumb/v7e-m+fp/hard/libnosys.a
END GROUP
LOAD /opt/st/stm32cubeide_1.15.0/plugins/com.st.stm32cube.ide.mcu.externaltools.gnu-tools-for-stm32.12.3.rel1.linux64_1.0.100.202403111256/tools/bin/../lib/gcc/arm-none-eabi/12.3.1/thumb/v7e-m+fp/hard/crtend.o
LOAD /opt/st/stm32cubeide_1.15.0/plugins/com.st.stm32cube.ide.mcu.externaltools.gnu-tools-for-stm32.12.3.rel1.linux64_1.0.100.202403111256/tools/bin/../lib/gcc/arm-none-eabi/12.3.1/thumb/v7e-m+fp/hard/crtn.o
                0x20020000                        _estack = (ORIGIN (RAM) + LENGTH (RAM))
                0x00000200                        _Min_Heap_Size = 0x200
                0x00000400                        _Min_Stack_Size = 0x400

.isr_vector     0x08000000      0x1c4
                0x08000000                        . = ALIGN (0x4)
 *(.isr_vector)
 .isr_vector    0x08000000      0x1c4 ./Core/Startup/startup_stm32f446retx.o
                0x08000000                g_pfnVectors
                0x080001c4                        . = ALIGN (0x4)

.text           0x080001c4     0x5b18
                0x080001c4                        . = ALIGN (0x4)
 *(.text)
 .text          0x080001c4       0x40 /opt/st/stm32cubeide_1.15.0/plugins/com.st.stm32cube.ide.mcu.externaltools.gnu-tools-for-stm32.12.3.rel1.linux64_1.0.100.202403111256/tools/bin/../lib/gcc/arm-none-eabi/12.3.1/thumb/v7e-m+fp/hard/crtbegin.o
 .text          0x08000204        0xe ./Library/microtbx/tbx_comp.o
                0x08000204                TbxPortInterruptsDisable
                0x0800020c                TbxPortInterruptsRestore
 *fill*         0x08000212        0x2 
 .text          0x08000214       0x30 /opt/st/stm32cubeide_1.15.0/plugins/com.st.stm32cube.ide.mcu.externaltools.gnu-tools-for-stm32.12.3.rel1.linux64_1.0.100.202403111256/tools/bin/../lib/gcc/arm-none-eabi/12.3.1/thumb/v7e-m+fp/hard/libgcc.a(_aeabi_uldivmod.o)
                0x08000214                __aeabi_uldivmod
 .text          0x08000244      0x2bc /opt/st/stm32cubeide_1.15.0/plugins/com.st.stm32cube.ide.mcu.externaltools.gnu-tools-for-stm32.12.3.rel1.linux64_1.0.100.202403111256/tools/bin/../lib/gcc/arm-none-eabi/12.3.1/thumb/v7e-m+fp/hard/libgcc.a(_udivmoddi4.o)
                0x08000244                __udivmoddi4
 .text          0x08000500        0x4 /opt/st/stm32cubeide_1.15.0/plugins/com.st.stm32cube.ide.mcu.externaltools.gnu-tools-for-stm32.12.3.rel1.linux64_1.0.100.202403111256/tools/bin/../lib/gcc/arm-none-eabi/12.3.1/thumb/v7e-m+fp/hard/libgcc.a(_dvmd_tls.o)
                0x08000500                __aeabi_ldiv0
                0x08000500                __aeabi_idiv0
 *(.text*)
 .text.main     0x08000504       0x50 ./Core/Src/main.o
                0x08000504                main
 .text.SystemClock_Config
                0x08000554       0xd8 ./Core/Src/main.o
                0x08000554                SystemClock_Config
 .text.MX_TIM10_Init
                0x0800062c       0x48 ./Core/Src/main.o
 .text.MX_USART2_UART_Init
                0x08000674       0x54 ./Core/Src/main.o
 .text.MX_GPIO_Init
                0x080006c8       0xdc ./Core/Src/main.o
 .text.Error_Handler
                0x080007a4        0xc ./Core/Src/main.o
                0x080007a4                Error_Handler
 .text.HAL_MspInit
                0x080007b0       0x50 ./Core/Src/stm32f4xx_hal_msp.o
                0x080007b0                HAL_MspInit
 .text.HAL_TIM_Base_MspInit
                0x08000800       0x44 ./Core/Src/stm32f4xx_hal_msp.o
                0x08000800                HAL_TIM_Base_MspInit
 .text.HAL_UART_MspInit
                0x08000844       0xa0 ./Core/Src/stm32f4xx_hal_msp.o
                0x08000844                HAL_UART_MspInit
 .text.NMI_Handler
                0x080008e4        0x8 ./Core/Src/stm32f4xx_it.o
                0x080008e4                NMI_Handler
 .text.HardFault_Handler
                0x080008ec        0x8 ./Core/Src/stm32f4xx_it.o
                0x080008ec                HardFault_Handler
 .text.MemManage_Handler
                0x080008f4        0x8 ./Core/Src/stm32f4xx_it.o
                0x080008f4                MemManage_Handler
 .text.BusFault_Handler
                0x080008fc        0x8 ./Core/Src/stm32f4xx_it.o
                0x080008fc                BusFault_Handler
 .text.UsageFault_Handler
                0x08000904        0x8 ./Core/Src/stm32f4xx_it.o
                0x08000904                UsageFault_Handler
 .text.SVC_Handler
                0x0800090c        0xe ./Core/Src/stm32f4xx_it.o
                0x0800090c                SVC_Handler
 .text.DebugMon_Handler
                0x0800091a        0xe ./Core/Src/stm32f4xx_it.o
                0x0800091a                DebugMon_Handler
 .text.PendSV_Handler
                0x08000928        0xe ./Core/Src/stm32f4xx_it.o
                0x08000928                PendSV_Handler
 .text.SysTick_Handler
                0x08000936        0xc ./Core/Src/stm32f4xx_it.o
                0x08000936                SysTick_Handler
 *fill*         0x08000942        0x2 
 .text.USART2_IRQHandler
                0x08000944       0x14 ./Core/Src/stm32f4xx_it.o
                0x08000944                USART2_IRQHandler
 .text.SystemInit
                0x08000958       0x24 ./Core/Src/system_stm32f4xx.o
                0x08000958                SystemInit
 .text.Reset_Handler
                0x0800097c       0x50 ./Core/Startup/startup_stm32f446retx.o
                0x0800097c                Reset_Handler
 .text.Default_Handler
                0x080009cc        0x2 ./Core/Startup/startup_stm32f446retx.o
                0x080009cc                RTC_Alarm_IRQHandler
                0x080009cc                EXTI2_IRQHandler
                0x080009cc                TIM8_CC_IRQHandler
                0x080009cc                FMPI2C1_EV_IRQHandler
                0x080009cc                SPI4_IRQHandler
                0x080009cc                TIM1_CC_IRQHandler
                0x080009cc                DMA2_Stream5_IRQHandler
                0x080009cc                DMA1_Stream5_IRQHandler
                0x080009cc                PVD_IRQHandler
                0x080009cc                SDIO_IRQHandler
                0x080009cc                TAMP_STAMP_IRQHandler
                0x080009cc                CAN2_RX1_IRQHandler
                0x080009cc                EXTI3_IRQHandler
                0x080009cc                TIM8_TRG_COM_TIM14_IRQHandler
                0x080009cc                TIM1_UP_TIM10_IRQHandler
                0x080009cc                TIM8_UP_TIM13_IRQHandler
                0x080009cc                I2C3_ER_IRQHandler
                0x080009cc                EXTI0_IRQHandler
                0x080009cc                I2C2_EV_IRQHandler
                0x080009cc                DMA1_Stream2_IRQHandler
                0x080009cc                CAN1_RX0_IRQHandler
                0x080009cc                FPU_IRQHandler
                0x080009cc                OTG_HS_WKUP_IRQHandler
                0x080009cc                CAN2_SCE_IRQHandler
                0x080009cc                DMA2_Stream2_IRQHandler
                0x080009cc                SPI1_IRQHandler
                0x080009cc                TIM6_DAC_IRQHandler
                0x080009cc                TIM1_BRK_TIM9_IRQHandler
                0x080009cc                DCMI_IRQHandler
                0x080009cc                CAN2_RX0_IRQHandler
                0x080009cc                DMA2_Stream3_IRQHandler
                0x080009cc                SAI2_IRQHandler
                0x080009cc                USART6_IRQHandler
                0x080009cc                USART3_IRQHandler
                0x080009cc                CAN1_RX1_IRQHandler
                0x080009cc                UART5_IRQHandler
                0x080009cc                DMA2_Stream0_IRQHandler
                0x080009cc                TIM4_IRQHandler
                0x080009cc                QUADSPI_IRQHandler
                0x080009cc                I2C1_EV_IRQHandler
                0x080009cc                DMA1_Stream6_IRQHandler
                0x080009cc                DMA1_Stream1_IRQHandler
                0x080009cc                UART4_IRQHandler
                0x080009cc                TIM3_IRQHandler
                0x080009cc                RCC_IRQHandler
                0x080009cc                TIM8_BRK_TIM12_IRQHandler
                0x080009cc                Default_Handler
                0x080009cc                CEC_IRQHandler
                0x080009cc                EXTI15_10_IRQHandler
                0x080009cc                ADC_IRQHandler
                0x080009cc                DMA1_Stream7_IRQHandler
                0x080009cc                TIM7_IRQHandler
                0x080009cc                CAN2_TX_IRQHandler
                0x080009cc                TIM5_IRQHandler
                0x080009cc                DMA2_Stream7_IRQHandler
                0x080009cc                I2C3_EV_IRQHandler
                0x080009cc                EXTI9_5_IRQHandler
                0x080009cc                RTC_WKUP_IRQHandler
                0x080009cc                SPDIF_RX_IRQHandler
                0x080009cc                SPI2_IRQHandler
                0x080009cc                OTG_HS_EP1_IN_IRQHandler
                0x080009cc                DMA1_Stream0_IRQHandler
                0x080009cc                CAN1_TX_IRQHandler
                0x080009cc                FMPI2C1_ER_IRQHandler
                0x080009cc                EXTI4_IRQHandler
                0x080009cc                OTG_HS_EP1_OUT_IRQHandler
                0x080009cc                WWDG_IRQHandler
                0x080009cc                TIM2_IRQHandler
                0x080009cc                OTG_FS_WKUP_IRQHandler
                0x080009cc                TIM1_TRG_COM_TIM11_IRQHandler
                0x080009cc                OTG_HS_IRQHandler
                0x080009cc                EXTI1_IRQHandler
                0x080009cc                I2C2_ER_IRQHandler
                0x080009cc                DMA2_Stream1_IRQHandler
                0x080009cc                CAN1_SCE_IRQHandler
                0x080009cc                FLASH_IRQHandler
                0x080009cc                DMA2_Stream4_IRQHandler
                0x080009cc                USART1_IRQHandler
                0x080009cc                OTG_FS_IRQHandler
                0x080009cc                SPI3_IRQHandler
                0x080009cc                DMA1_Stream4_IRQHandler
                0x080009cc                I2C1_ER_IRQHandler
                0x080009cc                FMC_IRQHandler
                0x080009cc                DMA2_Stream6_IRQHandler
                0x080009cc                SAI1_IRQHandler
                0x080009cc                DMA1_Stream3_IRQHandler
 *fill*         0x080009ce        0x2 
 .text.HAL_Init
                0x080009d0       0x44 ./Drivers/STM32F4xx_HAL_Driver/Src/stm32f4xx_hal.o
                0x080009d0                HAL_Init
 .text.HAL_InitTick
                0x08000a14       0x60 ./Drivers/STM32F4xx_HAL_Driver/Src/stm32f4xx_hal.o
                0x08000a14                HAL_InitTick
 .text.HAL_IncTick
                0x08000a74       0x28 ./Drivers/STM32F4xx_HAL_Driver/Src/stm32f4xx_hal.o
                0x08000a74                HAL_IncTick
 .text.HAL_GetTick
                0x08000a9c       0x18 ./Drivers/STM32F4xx_HAL_Driver/Src/stm32f4xx_hal.o
                0x08000a9c                HAL_GetTick
 .text.__NVIC_SetPriorityGrouping
                0x08000ab4       0x48 ./Drivers/STM32F4xx_HAL_Driver/Src/stm32f4xx_hal_cortex.o
 .text.__NVIC_GetPriorityGrouping
                0x08000afc       0x1c ./Drivers/STM32F4xx_HAL_Driver/Src/stm32f4xx_hal_cortex.o
 .text.__NVIC_EnableIRQ
                0x08000b18       0x3c ./Drivers/STM32F4xx_HAL_Driver/Src/stm32f4xx_hal_cortex.o
 .text.__NVIC_SetPriority
                0x08000b54       0x54 ./Drivers/STM32F4xx_HAL_Driver/Src/stm32f4xx_hal_cortex.o
 .text.NVIC_EncodePriority
                0x08000ba8       0x66 ./Drivers/STM32F4xx_HAL_Driver/Src/stm32f4xx_hal_cortex.o
 *fill*         0x08000c0e        0x2 
 .text.SysTick_Config
                0x08000c10       0x44 ./Drivers/STM32F4xx_HAL_Driver/Src/stm32f4xx_hal_cortex.o
 .text.HAL_NVIC_SetPriorityGrouping
                0x08000c54       0x16 ./Drivers/STM32F4xx_HAL_Driver/Src/stm32f4xx_hal_cortex.o
                0x08000c54                HAL_NVIC_SetPriorityGrouping
 .text.HAL_NVIC_SetPriority
                0x08000c6a       0x38 ./Drivers/STM32F4xx_HAL_Driver/Src/stm32f4xx_hal_cortex.o
                0x08000c6a                HAL_NVIC_SetPriority
 .text.HAL_NVIC_EnableIRQ
                0x08000ca2       0x1c ./Drivers/STM32F4xx_HAL_Driver/Src/stm32f4xx_hal_cortex.o
                0x08000ca2                HAL_NVIC_EnableIRQ
 .text.HAL_SYSTICK_Config
                0x08000cbe       0x18 ./Drivers/STM32F4xx_HAL_Driver/Src/stm32f4xx_hal_cortex.o
                0x08000cbe                HAL_SYSTICK_Config
 .text.HAL_DMA_Abort
                0x08000cd6       0xe0 ./Drivers/STM32F4xx_HAL_Driver/Src/stm32f4xx_hal_dma.o
                0x08000cd6                HAL_DMA_Abort
 .text.HAL_DMA_Abort_IT
                0x08000db6       0x44 ./Drivers/STM32F4xx_HAL_Driver/Src/stm32f4xx_hal_dma.o
                0x08000db6                HAL_DMA_Abort_IT
 *fill*         0x08000dfa        0x2 
 .text.HAL_GPIO_Init
                0x08000dfc      0x328 ./Drivers/STM32F4xx_HAL_Driver/Src/stm32f4xx_hal_gpio.o
                0x08000dfc                HAL_GPIO_Init
 .text.HAL_GPIO_WritePin
                0x08001124       0x32 ./Drivers/STM32F4xx_HAL_Driver/Src/stm32f4xx_hal_gpio.o
                0x08001124                HAL_GPIO_WritePin
 *fill*         0x08001156        0x2 
 .text.HAL_RCC_ClockConfig
                0x08001158      0x1cc ./Drivers/STM32F4xx_HAL_Driver/Src/stm32f4xx_hal_rcc.o
                0x08001158                HAL_RCC_ClockConfig
 .text.HAL_RCC_GetHCLKFreq
                0x08001324       0x18 ./Drivers/STM32F4xx_HAL_Driver/Src/stm32f4xx_hal_rcc.o
                0x08001324                HAL_RCC_GetHCLKFreq
 .text.HAL_RCC_GetPCLK1Freq
                0x0800133c       0x28 ./Drivers/STM32F4xx_HAL_Driver/Src/stm32f4xx_hal_rcc.o
                0x0800133c                HAL_RCC_GetPCLK1Freq
 .text.HAL_RCC_GetPCLK2Freq
                0x08001364       0x28 ./Drivers/STM32F4xx_HAL_Driver/Src/stm32f4xx_hal_rcc.o
                0x08001364                HAL_RCC_GetPCLK2Freq
 .text.HAL_RCC_GetSysClockFreq
                0x0800138c      0x460 ./Drivers/STM32F4xx_HAL_Driver/Src/stm32f4xx_hal_rcc_ex.o
                0x0800138c                HAL_RCC_GetSysClockFreq
 .text.HAL_RCC_OscConfig
                0x080017ec      0x53c ./Drivers/STM32F4xx_HAL_Driver/Src/stm32f4xx_hal_rcc_ex.o
                0x080017ec                HAL_RCC_OscConfig
 .text.HAL_TIM_Base_Init
                0x08001d28       0x9e ./Drivers/STM32F4xx_HAL_Driver/Src/stm32f4xx_hal_tim.o
                0x08001d28                HAL_TIM_Base_Init
 *fill*         0x08001dc6        0x2 
 .text.TIM_Base_SetConfig
                0x08001dc8      0x158 ./Drivers/STM32F4xx_HAL_Driver/Src/stm32f4xx_hal_tim.o
                0x08001dc8                TIM_Base_SetConfig
 .text.HAL_UART_Init
                0x08001f20       0xa0 ./Drivers/STM32F4xx_HAL_Driver/Src/stm32f4xx_hal_uart.o
                0x08001f20                HAL_UART_Init
 .text.HAL_UART_IRQHandler
                0x08001fc0      0x524 ./Drivers/STM32F4xx_HAL_Driver/Src/stm32f4xx_hal_uart.o
                0x08001fc0                HAL_UART_IRQHandler
 .text.HAL_UART_TxCpltCallback
                0x080024e4       0x14 ./Drivers/STM32F4xx_HAL_Driver/Src/stm32f4xx_hal_uart.o
                0x080024e4                HAL_UART_TxCpltCallback
 .text.HAL_UART_RxCpltCallback
                0x080024f8       0x14 ./Drivers/STM32F4xx_HAL_Driver/Src/stm32f4xx_hal_uart.o
                0x080024f8                HAL_UART_RxCpltCallback
 .text.HAL_UART_ErrorCallback
                0x0800250c       0x14 ./Drivers/STM32F4xx_HAL_Driver/Src/stm32f4xx_hal_uart.o
                0x0800250c                HAL_UART_ErrorCallback
 .text.HAL_UARTEx_RxEventCallback
                0x08002520       0x18 ./Drivers/STM32F4xx_HAL_Driver/Src/stm32f4xx_hal_uart.o
                0x08002520                HAL_UARTEx_RxEventCallback
 .text.UART_EndRxTransfer
                0x08002538       0xc6 ./Drivers/STM32F4xx_HAL_Driver/Src/stm32f4xx_hal_uart.o
 .text.UART_DMAAbortOnError
                0x080025fe       0x28 ./Drivers/STM32F4xx_HAL_Driver/Src/stm32f4xx_hal_uart.o
 .text.UART_Transmit_IT
                0x08002626       0xa0 ./Drivers/STM32F4xx_HAL_Driver/Src/stm32f4xx_hal_uart.o
 .text.UART_EndTransmit_IT
                0x080026c6       0x30 ./Drivers/STM32F4xx_HAL_Driver/Src/stm32f4xx_hal_uart.o
 .text.UART_Receive_IT
                0x080026f6      0x17c ./Drivers/STM32F4xx_HAL_Driver/Src/stm32f4xx_hal_uart.o
 *fill*         0x08002872        0x2 
 .text.UART_SetConfig
                0x08002874      0x4e8 ./Drivers/STM32F4xx_HAL_Driver/Src/stm32f4xx_hal_uart.o
 .text.TbxAssertTrigger
                0x08002d5c       0x2c ./Library/microtbx/tbx_assert.o
                0x08002d5c                TbxAssertTrigger
 .text.TbxCriticalSectionEnter
                0x08002d88       0x34 ./Library/microtbx/tbx_critsect.o
                0x08002d88                TbxCriticalSectionEnter
 .text.TbxCriticalSectionExit
                0x08002dbc       0x48 ./Library/microtbx/tbx_critsect.o
                0x08002dbc                TbxCriticalSectionExit
 .text.TbxHeapAllocate
                0x08002e04       0x70 ./Library/microtbx/tbx_heap.o
                0x08002e04                TbxHeapAllocate
 .text.TbxListCreate
                0x08002e74       0x94 ./Library/microtbx/tbx_list.o
                0x08002e74                TbxListCreate
 .text.TbxListGetSize
                0x08002f08       0x3c ./Library/microtbx/tbx_list.o
                0x08002f08                TbxListGetSize
 .text.TbxListInsertItemBack
                0x08002f44       0xd4 ./Library/microtbx/tbx_list.o
                0x08002f44                TbxListInsertItemBack
 .text.TbxListRemoveItem
                0x08003018      0x1b8 ./Library/microtbx/tbx_list.o
                0x08003018                TbxListRemoveItem
 .text.TbxListGetFirstItem
                0x080031d0       0x48 ./Library/microtbx/tbx_list.o
                0x080031d0                TbxListGetFirstItem
 .text.TbxListGetNextItem
                0x08003218       0x74 ./Library/microtbx/tbx_list.o
                0x08003218                TbxListGetNextItem
 .text.TbxListFindListNode
                0x0800328c       0x74 ./Library/microtbx/tbx_list.o
 .text.TbxMemPoolCreate
                0x08003300      0x144 ./Library/microtbx/tbx_mempool.o
                0x08003300                TbxMemPoolCreate
 .text.TbxMemPoolAllocate
                0x08003444       0xa0 ./Library/microtbx/tbx_mempool.o
                0x08003444                TbxMemPoolAllocate
 .text.TbxMemPoolRelease
                0x080034e4       0xb8 ./Library/microtbx/tbx_mempool.o
                0x080034e4                TbxMemPoolRelease
 .text.TbxMemPoolListFind
                0x0800359c       0x5c ./Library/microtbx/tbx_mempool.o
 .text.TbxMemPoolListFindBestFit
                0x080035f8       0x70 ./Library/microtbx/tbx_mempool.o
 .text.TbxMemPoolListInsert
                0x08003668      0x130 ./Library/microtbx/tbx_mempool.o
 .text.TbxMemPoolBlockCreate
                0x08003798       0x50 ./Library/microtbx/tbx_mempool.o
 .text.TbxMemPoolBlockGetDataPtr
                0x080037e8       0x40 ./Library/microtbx/tbx_mempool.o
 .text.TbxMemPoolBlockGetBlockSize
                0x08003828       0x40 ./Library/microtbx/tbx_mempool.o
 .text.TbxMemPoolBlockGetMemPtr
                0x08003868       0x40 ./Library/microtbx/tbx_mempool.o
 .text.TbxMemPoolBlockListCreate
                0x080038a8       0x24 ./Library/microtbx/tbx_mempool.o
 .text.TbxMemPoolBlockListInsert
                0x080038cc       0x60 ./Library/microtbx/tbx_mempool.o
 .text.TbxMemPoolBlockListExtract
                0x0800392c       0x58 ./Library/microtbx/tbx_mempool.o
 .text.TbxMemPoolBlockListIsEmpty
                0x08003984       0x3c ./Library/microtbx/tbx_mempool.o
 .text.TbxMbEventTask
                0x080039c0      0x150 ./Library/microtbx-modbus/tbxmb_event.o
                0x080039c0                TbxMbEventTask
 .text.TbxMbPortUartInit
                0x08003b10       0x28 ./Library/microtbx-modbus/tbxmb_port.o
                0x08003b10                TbxMbPortUartInit
 .text.TbxMbPortUartTransmit
                0x08003b38       0x48 ./Library/microtbx-modbus/tbxmb_port.o
                0x08003b38                TbxMbPortUartTransmit
 .text.TbxMbPortTimerCount
                0x08003b80       0x10 ./Library/microtbx-modbus/tbxmb_port.o
                0x08003b80                TbxMbPortTimerCount
 .text.TbxMbRtuCreate
                0x08003b90      0x21c ./Library/microtbx-modbus/tbxmb_rtu.o
                0x08003b90                TbxMbRtuCreate
 .text.TbxMbRtuPoll
                0x08003dac      0x218 ./Library/microtbx-modbus/tbxmb_rtu.o
 .text.TbxMbRtuTransmit
                0x08003fc4      0x19c ./Library/microtbx-modbus/tbxmb_rtu.o
 .text.TbxMbRtuReceptionDone
                0x08004160       0x78 ./Library/microtbx-modbus/tbxmb_rtu.o
 .text.TbxMbRtuGetRxPacket
                0x080041d8       0x64 ./Library/microtbx-modbus/tbxmb_rtu.o
 .text.TbxMbRtuGetTxPacket
                0x0800423c       0x64 ./Library/microtbx-modbus/tbxmb_rtu.o
 .text.TbxMbRtuValidate
                0x080042a0      0x134 ./Library/microtbx-modbus/tbxmb_rtu.o
 .text.TbxMbRtuTransmitComplete
                0x080043d4       0xa0 ./Library/microtbx-modbus/tbxmb_rtu.o
 .text.TbxMbRtuDataReceived
                0x08004474      0x198 ./Library/microtbx-modbus/tbxmb_rtu.o
 .text.TbxMbRtuCalculatCrc
                0x0800460c       0x64 ./Library/microtbx-modbus/tbxmb_rtu.o
 .text.TbxMbCommonExtractUInt16BE
                0x08004670       0x2a ./Library/microtbx-modbus/tbxmb_server.o
 .text.TbxMbCommonStoreUInt16BE
                0x0800469a       0x2e ./Library/microtbx-modbus/tbxmb_server.o
 .text.TbxMbServerCreate
                0x080046c8      0x104 ./Library/microtbx-modbus/tbxmb_server.o
                0x080046c8                TbxMbServerCreate
 .text.TbxMbServerProcessEvent
                0x080047cc      0x24c ./Library/microtbx-modbus/tbxmb_server.o
 .text.TbxMbServerFC01ReadCoils
                0x08004a18      0x1c4 ./Library/microtbx-modbus/tbxmb_server.o
 .text.TbxMbServerFC02ReadInputs
                0x08004bdc      0x1c4 ./Library/microtbx-modbus/tbxmb_server.o
 .text.TbxMbServerFC03ReadHoldingRegs
                0x08004da0      0x150 ./Library/microtbx-modbus/tbxmb_server.o
 .text.TbxMbServerFC04ReadInputRegs
                0x08004ef0      0x150 ./Library/microtbx-modbus/tbxmb_server.o
 .text.TbxMbServerFC05WriteSingleCoil
                0x08005040      0x12c ./Library/microtbx-modbus/tbxmb_server.o
 .text.TbxMbServerFC06WriteSingleReg
                0x0800516c       0xf0 ./Library/microtbx-modbus/tbxmb_server.o
 .text.TbxMbServerFC08Diagnostics
                0x0800525c      0x2b0 ./Library/microtbx-modbus/tbxmb_server.o
 .text.TbxMbServerFC15WriteMultipleCoils
                0x0800550c      0x1e4 ./Library/microtbx-modbus/tbxmb_server.o
 .text.TbxMbServerFC16WriteMultipleRegs
                0x080056f0      0x168 ./Library/microtbx-modbus/tbxmb_server.o
 .text.TbxMbOsalEventInit
                0x08005858       0x3c ./Library/microtbx-modbus/tbxmb_superloop.o
                0x08005858                TbxMbOsalEventInit
 .text.TbxMbOsalEventPost
                0x08005894       0xa0 ./Library/microtbx-modbus/tbxmb_superloop.o
                0x08005894                TbxMbOsalEventPost
 .text.TbxMbOsalEventWait
                0x08005934       0x98 ./Library/microtbx-modbus/tbxmb_superloop.o
                0x08005934                TbxMbOsalEventWait
 .text.TbxMbOsalSemCreate
                0x080059cc       0x5c ./Library/microtbx-modbus/tbxmb_superloop.o
                0x080059cc                TbxMbOsalSemCreate
 .text.TbxMbOsalSemGive
                0x08005a28       0x54 ./Library/microtbx-modbus/tbxmb_superloop.o
                0x08005a28                TbxMbOsalSemGive
 .text.TbxMbOsalSemTake
                0x08005a7c       0xf4 ./Library/microtbx-modbus/tbxmb_superloop.o
                0x08005a7c                TbxMbOsalSemTake
 .text.TbxMbUartInit
                0x08005b70       0x9c ./Library/microtbx-modbus/tbxmb_uart.o
                0x08005b70                TbxMbUartInit
 .text.TbxMbUartTransmit
                0x08005c0c       0x60 ./Library/microtbx-modbus/tbxmb_uart.o
                0x08005c0c                TbxMbUartTransmit
 .text.memset   0x08005c6c       0x10 /opt/st/stm32cubeide_1.15.0/plugins/com.st.stm32cube.ide.mcu.externaltools.gnu-tools-for-stm32.12.3.rel1.linux64_1.0.100.202403111256/tools/bin/../lib/gcc/arm-none-eabi/12.3.1/../../../../arm-none-eabi/lib/thumb/v7e-m+fp/hard/libc_nano.a(libc_a-memset.o)
                0x08005c6c                memset
 .text.__libc_init_array
                0x08005c7c       0x48 /opt/st/stm32cubeide_1.15.0/plugins/com.st.stm32cube.ide.mcu.externaltools.gnu-tools-for-stm32.12.3.rel1.linux64_1.0.100.202403111256/tools/bin/../lib/gcc/arm-none-eabi/12.3.1/../../../../arm-none-eabi/lib/thumb/v7e-m+fp/hard/libc_nano.a(libc_a-init.o)
                0x08005c7c                __libc_init_array
 *(.glue_7)
 .glue_7        0x08005cc4        0x0 linker stubs
 *(.glue_7t)
 .glue_7t       0x08005cc4        0x0 linker stubs
 *(.eh_frame)
 .eh_frame      0x08005cc4        0x0 /opt/st/stm32cubeide_1.15.0/plugins/com.st.stm32cube.ide.mcu.externaltools.gnu-tools-for-stm32.12.3.rel1.linux64_1.0.100.202403111256/tools/bin/../lib/gcc/arm-none-eabi/12.3.1/thumb/v7e-m+fp/hard/crtbegin.o
 *(.init)
 .init          0x08005cc4        0x4 /opt/st/stm32cubeide_1.15.0/plugins/com.st.stm32cube.ide.mcu.externaltools.gnu-tools-for-stm32.12.3.rel1.linux64_1.0.100.202403111256/tools/bin/../lib/gcc/arm-none-eabi/12.3.1/thumb/v7e-m+fp/hard/crti.o
                0x08005cc4                _init
 .init          0x08005cc8        0x8 /opt/st/stm32cubeide_1.15.0/plugins/com.st.stm32cube.ide.mcu.externaltools.gnu-tools-for-stm32.12.3.rel1.linux64_1.0.100.202403111256/tools/bin/../lib/gcc/arm-none-eabi/12.3.1/thumb/v7e-m+fp/hard/crtn.o
 *(.fini)
 .fini          0x08005cd0        0x4 /opt/st/stm32cubeide_1.15.0/plugins/com.st.stm32cube.ide.mcu.externaltools.gnu-tools-for-stm32.12.3.rel1.linux64_1.0.100.202403111256/tools/bin/../lib/gcc/arm-none-eabi/12.3.1/thumb/v7e-m+fp/hard/crti.o
                0x08005cd0                _fini
 .fini          0x08005cd4        0x8 /opt/st/stm32cubeide_1.15.0/plugins/com.st.stm32cube.ide.mcu.externaltools.gnu-tools-for-stm32.12.3.rel1.linux64_1.0.100.202403111256/tools/bin/../lib/gcc/arm-none-eabi/12.3.1/thumb/v7e-m+fp/hard/crtn.o
                0x08005cdc                        . = ALIGN (0x4)
                0x08005cdc                        _etext = .

.vfp11_veneer   0x08005cdc        0x0
 .vfp11_veneer  0x08005cdc        0x0 linker stubs

.v4_bx          0x08005cdc        0x0
 .v4_bx         0x08005cdc        0x0 linker stubs

.iplt           0x08005cdc        0x0
 .iplt          0x08005cdc        0x0 /opt/st/stm32cubeide_1.15.0/plugins/com.st.stm32cube.ide.mcu.externaltools.gnu-tools-for-stm32.12.3.rel1.linux64_1.0.100.202403111256/tools/bin/../lib/gcc/arm-none-eabi/12.3.1/thumb/v7e-m+fp/hard/crtbegin.o

.rodata         0x08005cdc      0x384
                0x08005cdc                        . = ALIGN (0x4)
 *(.rodata)
 .rodata        0x08005cdc       0x23 ./Library/microtbx/tbx_critsect.o
 *fill*         0x08005cff        0x1 
 .rodata        0x08005d00       0x1f ./Library/microtbx/tbx_heap.o
 *fill*         0x08005d1f        0x1 
 .rodata        0x08005d20       0x1f ./Library/microtbx/tbx_list.o
 *fill*         0x08005d3f        0x1 
 .rodata        0x08005d40       0x22 ./Library/microtbx/tbx_mempool.o
 *fill*         0x08005d62        0x2 
 .rodata        0x08005d64       0x29 ./Library/microtbx-modbus/tbxmb_event.o
 *fill*         0x08005d8d        0x3 
 .rodata        0x08005d90       0x32 ./Library/microtbx-modbus/tbxmb_rtu.o
 *fill*         0x08005dc2        0x2 
 .rodata        0x08005dc4       0x2a ./Library/microtbx-modbus/tbxmb_server.o
 *fill*         0x08005dee        0x2 
 .rodata        0x08005df0       0x2d ./Library/microtbx-modbus/tbxmb_superloop.o
 *fill*         0x08005e1d        0x3 
 .rodata        0x08005e20       0x28 ./Library/microtbx-modbus/tbxmb_uart.o
 *(.rodata*)
 .rodata.AHBPrescTable
                0x08005e48       0x10 ./Core/Src/system_stm32f4xx.o
                0x08005e48                AHBPrescTable
 .rodata.APBPrescTable
                0x08005e58        0x8 ./Core/Src/system_stm32f4xx.o
                0x08005e58                APBPrescTable
 .rodata.tbxMbRtuCrcTable.0
                0x08005e60      0x200 ./Library/microtbx-modbus/tbxmb_rtu.o
                0x08006060                        . = ALIGN (0x4)

.ARM.extab      0x08006060        0x0
                0x08006060                        . = ALIGN (0x4)
 *(.ARM.extab* .gnu.linkonce.armextab.*)
                0x08006060                        . = ALIGN (0x4)

.ARM            0x08006060        0x8
                0x08006060                        . = ALIGN (0x4)
                0x08006060                        __exidx_start = .
 *(.ARM.exidx*)
 .ARM.exidx     0x08006060        0x8 /opt/st/stm32cubeide_1.15.0/plugins/com.st.stm32cube.ide.mcu.externaltools.gnu-tools-for-stm32.12.3.rel1.linux64_1.0.100.202403111256/tools/bin/../lib/gcc/arm-none-eabi/12.3.1/thumb/v7e-m+fp/hard/libgcc.a(_udivmoddi4.o)
                0x08006068                        __exidx_end = .
                0x08006068                        . = ALIGN (0x4)

.preinit_array  0x08006068        0x0
                0x08006068                        . = ALIGN (0x4)
                0x08006068                        PROVIDE (__preinit_array_start = .)
 *(.preinit_array*)
                0x08006068                        PROVIDE (__preinit_array_end = .)
                0x08006068                        . = ALIGN (0x4)

.init_array     0x08006068        0x4
                0x08006068                        . = ALIGN (0x4)
                0x08006068                        PROVIDE (__init_array_start = .)
 *(SORT_BY_NAME(.init_array.*))
 *(.init_array*)
 .init_array    0x08006068        0x4 /opt/st/stm32cubeide_1.15.0/plugins/com.st.stm32cube.ide.mcu.externaltools.gnu-tools-for-stm32.12.3.rel1.linux64_1.0.100.202403111256/tools/bin/../lib/gcc/arm-none-eabi/12.3.1/thumb/v7e-m+fp/hard/crtbegin.o
                0x0800606c                        PROVIDE (__init_array_end = .)
                0x0800606c                        . = ALIGN (0x4)

.fini_array     0x0800606c        0x4
                0x0800606c                        . = ALIGN (0x4)
                [!provide]                        PROVIDE (__fini_array_start = .)
 *(SORT_BY_NAME(.fini_array.*))
 *(.fini_array*)
 .fini_array    0x0800606c        0x4 /opt/st/stm32cubeide_1.15.0/plugins/com.st.stm32cube.ide.mcu.externaltools.gnu-tools-for-stm32.12.3.rel1.linux64_1.0.100.202403111256/tools/bin/../lib/gcc/arm-none-eabi/12.3.1/thumb/v7e-m+fp/hard/crtbegin.o
                [!provide]                        PROVIDE (__fini_array_end = .)
                0x08006070                        . = ALIGN (0x4)
                0x08006070                        _sidata = LOADADDR (.data)

.rel.dyn        0x08006070        0x0
 .rel.iplt      0x08006070        0x0 /opt/st/stm32cubeide_1.15.0/plugins/com.st.stm32cube.ide.mcu.externaltools.gnu-tools-for-stm32.12.3.rel1.linux64_1.0.100.202403111256/tools/bin/../lib/gcc/arm-none-eabi/12.3.1/thumb/v7e-m+fp/hard/crtbegin.o

.data           0x20000000        0xc load address 0x08006070
                0x20000000                        . = ALIGN (0x4)
                0x20000000                        _sdata = .
 *(.data)
 *(.data*)
 .data.SystemCoreClock
                0x20000000        0x4 ./Core/Src/system_stm32f4xx.o
                0x20000000                SystemCoreClock
 .data.uwTickPrio
                0x20000004        0x4 ./Drivers/STM32F4xx_HAL_Driver/Src/stm32f4xx_hal.o
                0x20000004                uwTickPrio
 .data.uwTickFreq
                0x20000008        0x1 ./Drivers/STM32F4xx_HAL_Driver/Src/stm32f4xx_hal.o
                0x20000008                uwTickFreq
 *fill*         0x20000009        0x1 
 .data.waitTimeoutMS.0
                0x2000000a        0x2 ./Library/microtbx-modbus/tbxmb_event.o
 *(.RamFunc)
 *(.RamFunc*)
                0x2000000c                        . = ALIGN (0x4)
                0x2000000c                        _edata = .

.igot.plt       0x2000000c        0x0 load address 0x0800607c
 .igot.plt      0x2000000c        0x0 /opt/st/stm32cubeide_1.15.0/plugins/com.st.stm32cube.ide.mcu.externaltools.gnu-tools-for-stm32.12.3.rel1.linux64_1.0.100.202403111256/tools/bin/../lib/gcc/arm-none-eabi/12.3.1/thumb/v7e-m+fp/hard/crtbegin.o
                0x2000000c                        . = ALIGN (0x4)

.bss            0x2000000c      0xa84 load address 0x0800607c
                0x2000000c                        _sbss = .
                0x2000000c                        __bss_start__ = _sbss
 *(.bss)
 .bss           0x2000000c       0x1c /opt/st/stm32cubeide_1.15.0/plugins/com.st.stm32cube.ide.mcu.externaltools.gnu-tools-for-stm32.12.3.rel1.linux64_1.0.100.202403111256/tools/bin/../lib/gcc/arm-none-eabi/12.3.1/thumb/v7e-m+fp/hard/crtbegin.o
 *(.bss*)
 .bss.modbusTp  0x20000028        0x4 ./Core/Src/main.o
                0x20000028                modbusTp
 .bss.modbusServer
                0x2000002c        0x4 ./Core/Src/main.o
                0x2000002c                modbusServer
 .bss.htim10    0x20000030       0x48 ./Core/Src/main.o
                0x20000030                htim10
 .bss.huart2    0x20000078       0x48 ./Core/Src/main.o
                0x20000078                huart2
 .bss.uwTick    0x200000c0        0x4 ./Drivers/STM32F4xx_HAL_Driver/Src/stm32f4xx_hal.o
                0x200000c0                uwTick
 .bss.tbxAssertHandlerPtr
                0x200000c4        0x4 ./Library/microtbx/tbx_assert.o
 .bss.tbxCritSectNestingCounter
                0x200000c8        0x4 ./Library/microtbx/tbx_critsect.o
 .bss.tbxCritSectCpuSR
                0x200000cc        0x4 ./Library/microtbx/tbx_critsect.o
 .bss.tbxHeapAllocated
                0x200000d0        0x4 ./Library/microtbx/tbx_heap.o
 .bss.tbxHeapBuffer.0
                0x200000d4      0x800 ./Library/microtbx/tbx_heap.o
 .bss.memPoolsCreated.0
                0x200008d4        0x1 ./Library/microtbx/tbx_list.o
 *fill*         0x200008d5        0x3 
 .bss.tbxPoolList
                0x200008d8        0x4 ./Library/microtbx/tbx_mempool.o
 .bss.pollerListInitialized.2
                0x200008dc        0x1 ./Library/microtbx-modbus/tbxmb_event.o
 *fill*         0x200008dd        0x3 
 .bss.pollerList.1
                0x200008e0        0x4 ./Library/microtbx-modbus/tbxmb_event.o
 .bss.transmitInfo
                0x200008e4       0x40 ./Library/microtbx-modbus/tbxmb_port.o
 .bss.tbxMbRtuCtx
                0x20000924       0x20 ./Library/microtbx-modbus/tbxmb_rtu.o
 .bss.eventQueue
                0x20000944      0x108 ./Library/microtbx-modbus/tbxmb_superloop.o
 .bss.osalInitialized.0
                0x20000a4c        0x1 ./Library/microtbx-modbus/tbxmb_superloop.o
 *fill*         0x20000a4d        0x3 
 .bss.uartInfo  0x20000a50       0x40 ./Library/microtbx-modbus/tbxmb_uart.o
 *(COMMON)
                0x20000a90                        . = ALIGN (0x4)
                0x20000a90                        _ebss = .
                0x20000a90                        __bss_end__ = _ebss

._user_heap_stack
                0x20000a90      0x600 load address 0x0800607c
                0x20000a90                        . = ALIGN (0x8)
                [!provide]                        PROVIDE (end = .)
                0x20000a90                        PROVIDE (_end = .)
                0x20000c90                        . = (. + _Min_Heap_Size)
 *fill*         0x20000a90      0x200 
                0x20001090                        . = (. + _Min_Stack_Size)
 *fill*         0x20000c90      0x400 
                0x20001090                        . = ALIGN (0x8)

/DISCARD/
 libc.a(*)
 libm.a(*)
 libgcc.a(*)

.ARM.attributes
                0x00000000       0x30
 *(.ARM.attributes)
 .ARM.attributes
                0x00000000       0x22 /opt/st/stm32cubeide_1.15.0/plugins/com.st.stm32cube.ide.mcu.externaltools.gnu-tools-for-stm32.12.3.rel1.linux64_1.0.100.202403111256/tools/bin/../lib/gcc/arm-none-eabi/12.3.1/thumb/v7e-m+fp/hard/crti.o
 .ARM.attributes
                0x00000022       0x34 /opt/st/stm32cubeide_1.15.0/plugins/com.st.stm32cube.ide.mcu.externaltools.gnu-tools-for-stm32.12.3.rel1.linux64_1.0.100.202403111256/tools/bin/../lib/gcc/arm-none-eabi/12.3.1/thumb/v7e-m+fp/hard/crtbegin.o
 .ARM.attributes
                0x00000056       0x34 ./Core/Src/main.o
 .ARM.attributes
                0x0000008a       0x34 ./Core/Src/stm32f4xx_hal_msp.o
 .ARM.attributes
                0x000000be       0x34 ./Core/Src/stm32f4xx_it.o
 .ARM.attributes
                0x000000f2       0x34 ./Core/Src/system_stm32f4xx.o
 .ARM.attributes
                0x00000126       0x21 ./Core/Startup/startup_stm32f446retx.o
 .ARM.attributes
                0x00000147       0x34 ./Drivers/STM32F4xx_HAL_Driver/Src/stm32f4xx_hal.o
 .ARM.attributes
                0x0000017b       0x34 ./Drivers/STM32F4xx_HAL_Driver/Src/stm32f4xx_hal_cortex.o
 .ARM.attributes
                0x000001af       0x34 ./Drivers/STM32F4xx_HAL_Driver/Src/stm32f4xx_hal_dma.o
 .ARM.attributes
                0x000001e3       0x34 ./Drivers/STM32F4xx_HAL_Driver/Src/stm32f4xx_hal_gpio.o
 .ARM.attributes
                0x00000217       0x34 ./Drivers/STM32F4xx_HAL_Driver/Src/stm32f4xx_hal_rcc.o
 .ARM.attributes
                0x0000024b       0x34 ./Drivers/STM32F4xx_HAL_Driver/Src/stm32f4xx_hal_rcc_ex.o
 .ARM.attributes
                0x0000027f       0x34 ./Drivers/STM32F4xx_HAL_Driver/Src/stm32f4xx_hal_tim.o
 .ARM.attributes
                0x000002b3       0x34 ./Drivers/STM32F4xx_HAL_Driver/Src/stm32f4xx_hal_uart.o
 .ARM.attributes
                0x000002e7       0x34 ./Library/microtbx/tbx_assert.o
 .ARM.attributes
                0x0000031b       0x20 ./Library/microtbx/tbx_comp.o
 .ARM.attributes
                0x0000033b       0x34 ./Library/microtbx/tbx_critsect.o
 .ARM.attributes
                0x0000036f       0x34 ./Library/microtbx/tbx_heap.o
 .ARM.attributes
                0x000003a3       0x34 ./Library/microtbx/tbx_list.o
 .ARM.attributes
                0x000003d7       0x34 ./Library/microtbx/tbx_mempool.o
 .ARM.attributes
                0x0000040b       0x34 ./Library/microtbx-modbus/tbxmb_event.o
 .ARM.attributes
                0x0000043f       0x34 ./Library/microtbx-modbus/tbxmb_port.o
 .ARM.attributes
                0x00000473       0x34 ./Library/microtbx-modbus/tbxmb_rtu.o
 .ARM.attributes
                0x000004a7       0x34 ./Library/microtbx-modbus/tbxmb_server.o
 .ARM.attributes
                0x000004db       0x34 ./Library/microtbx-modbus/tbxmb_superloop.o
 .ARM.attributes
                0x0000050f       0x34 ./Library/microtbx-modbus/tbxmb_uart.o
 .ARM.attributes
                0x00000543       0x34 /opt/st/stm32cubeide_1.15.0/plugins/com.st.stm32cube.ide.mcu.externaltools.gnu-tools-for-stm32.12.3.rel1.linux64_1.0.100.202403111256/tools/bin/../lib/gcc/arm-none-eabi/12.3.1/../../../../arm-none-eabi/lib/thumb/v7e-m+fp/hard/libc_nano.a(libc_a-memset.o)
 .ARM.attributes
                0x00000577       0x34 /opt/st/stm32cubeide_1.15.0/plugins/com.st.stm32cube.ide.mcu.externaltools.gnu-tools-for-stm32.12.3.rel1.linux64_1.0.100.202403111256/tools/bin/../lib/gcc/arm-none-eabi/12.3.1/../../../../arm-none-eabi/lib/thumb/v7e-m+fp/hard/libc_nano.a(libc_a-init.o)
 .ARM.attributes
                0x000005ab       0x22 /opt/st/stm32cubeide_1.15.0/plugins/com.st.stm32cube.ide.mcu.externaltools.gnu-tools-for-stm32.12.3.rel1.linux64_1.0.100.202403111256/tools/bin/../lib/gcc/arm-none-eabi/12.3.1/thumb/v7e-m+fp/hard/libgcc.a(_aeabi_uldivmod.o)
 .ARM.attributes
                0x000005cd       0x34 /opt/st/stm32cubeide_1.15.0/plugins/com.st.stm32cube.ide.mcu.externaltools.gnu-tools-for-stm32.12.3.rel1.linux64_1.0.100.202403111256/tools/bin/../lib/gcc/arm-none-eabi/12.3.1/thumb/v7e-m+fp/hard/libgcc.a(_udivmoddi4.o)
 .ARM.attributes
                0x00000601       0x22 /opt/st/stm32cubeide_1.15.0/plugins/com.st.stm32cube.ide.mcu.externaltools.gnu-tools-for-stm32.12.3.rel1.linux64_1.0.100.202403111256/tools/bin/../lib/gcc/arm-none-eabi/12.3.1/thumb/v7e-m+fp/hard/libgcc.a(_dvmd_tls.o)
 .ARM.attributes
                0x00000623       0x22 /opt/st/stm32cubeide_1.15.0/plugins/com.st.stm32cube.ide.mcu.externaltools.gnu-tools-for-stm32.12.3.rel1.linux64_1.0.100.202403111256/tools/bin/../lib/gcc/arm-none-eabi/12.3.1/thumb/v7e-m+fp/hard/crtn.o
OUTPUT(RELAY_MODBUS.elf elf32-littlearm)
LOAD linker stubs
LOAD /opt/st/stm32cubeide_1.15.0/plugins/com.st.stm32cube.ide.mcu.externaltools.gnu-tools-for-stm32.12.3.rel1.linux64_1.0.100.202403111256/tools/bin/../lib/gcc/arm-none-eabi/12.3.1/../../../../arm-none-eabi/lib/thumb/v7e-m+fp/hard/libc.a
LOAD /opt/st/stm32cubeide_1.15.0/plugins/com.st.stm32cube.ide.mcu.externaltools.gnu-tools-for-stm32.12.3.rel1.linux64_1.0.100.202403111256/tools/bin/../lib/gcc/arm-none-eabi/12.3.1/../../../../arm-none-eabi/lib/thumb/v7e-m+fp/hard/libm.a
LOAD /opt/st/stm32cubeide_1.15.0/plugins/com.st.stm32cube.ide.mcu.externaltools.gnu-tools-for-stm32.12.3.rel1.linux64_1.0.100.202403111256/tools/bin/../lib/gcc/arm-none-eabi/12.3.1/thumb/v7e-m+fp/hard/libgcc.a

.debug_info     0x00000000    0x10137
 .debug_info    0x00000000     0x11d4 ./Core/Src/main.o
 .debug_info    0x000011d4      0xf8c ./Core/Src/stm32f4xx_hal_msp.o
 .debug_info    0x00002160      0x639 ./Core/Src/stm32f4xx_it.o
 .debug_info    0x00002799      0x54a ./Core/Src/system_stm32f4xx.o
 .debug_info    0x00002ce3       0x30 ./Core/Startup/startup_stm32f446retx.o
 .debug_info    0x00002d13      0x99a ./Drivers/STM32F4xx_HAL_Driver/Src/stm32f4xx_hal.o
 .debug_info    0x000036ad      0xd75 ./Drivers/STM32F4xx_HAL_Driver/Src/stm32f4xx_hal_cortex.o
 .debug_info    0x00004422      0x8e7 ./Drivers/STM32F4xx_HAL_Driver/Src/stm32f4xx_hal_dma.o
 .debug_info    0x00004d09      0x70b ./Drivers/STM32F4xx_HAL_Driver/Src/stm32f4xx_hal_gpio.o
 .debug_info    0x00005414      0x8ed ./Drivers/STM32F4xx_HAL_Driver/Src/stm32f4xx_hal_rcc.o
 .debug_info    0x00005d01      0x956 ./Drivers/STM32F4xx_HAL_Driver/Src/stm32f4xx_hal_rcc_ex.o
 .debug_info    0x00006657     0x299d ./Drivers/STM32F4xx_HAL_Driver/Src/stm32f4xx_hal_tim.o
 .debug_info    0x00008ff4     0x2f4f ./Drivers/STM32F4xx_HAL_Driver/Src/stm32f4xx_hal_uart.o
 .debug_info    0x0000bf43      0x12d ./Library/microtbx/tbx_assert.o
 .debug_info    0x0000c070       0x24 ./Library/microtbx/tbx_comp.o
 .debug_info    0x0000c094      0x147 ./Library/microtbx/tbx_critsect.o
 .debug_info    0x0000c1db      0x1a2 ./Library/microtbx/tbx_heap.o
 .debug_info    0x0000c37d      0x702 ./Library/microtbx/tbx_list.o
 .debug_info    0x0000ca7f      0x6f6 ./Library/microtbx/tbx_mempool.o
 .debug_info    0x0000d175      0x422 ./Library/microtbx-modbus/tbxmb_event.o
 .debug_info    0x0000d597      0x37a ./Library/microtbx-modbus/tbxmb_port.o
 .debug_info    0x0000d911      0xe0d ./Library/microtbx-modbus/tbxmb_rtu.o
 .debug_info    0x0000e71e     0x1148 ./Library/microtbx-modbus/tbxmb_server.o
 .debug_info    0x0000f866      0x4b6 ./Library/microtbx-modbus/tbxmb_superloop.o
 .debug_info    0x0000fd1c      0x41b ./Library/microtbx-modbus/tbxmb_uart.o

.debug_abbrev   0x00000000     0x2c37
 .debug_abbrev  0x00000000      0x2de ./Core/Src/main.o
 .debug_abbrev  0x000002de      0x1fb ./Core/Src/stm32f4xx_hal_msp.o
 .debug_abbrev  0x000004d9      0x175 ./Core/Src/stm32f4xx_it.o
 .debug_abbrev  0x0000064e      0x11a ./Core/Src/system_stm32f4xx.o
 .debug_abbrev  0x00000768       0x24 ./Core/Startup/startup_stm32f446retx.o
 .debug_abbrev  0x0000078c      0x214 ./Drivers/STM32F4xx_HAL_Driver/Src/stm32f4xx_hal.o
 .debug_abbrev  0x000009a0      0x328 ./Drivers/STM32F4xx_HAL_Driver/Src/stm32f4xx_hal_cortex.o
 .debug_abbrev  0x00000cc8      0x264 ./Drivers/STM32F4xx_HAL_Driver/Src/stm32f4xx_hal_dma.o
 .debug_abbrev  0x00000f2c      0x1d4 ./Drivers/STM32F4xx_HAL_Driver/Src/stm32f4xx_hal_gpio.o
 .debug_abbrev  0x00001100      0x2b6 ./Drivers/STM32F4xx_HAL_Driver/Src/stm32f4xx_hal_rcc.o
 .debug_abbrev  0x000013b6      0x20a ./Drivers/STM32F4xx_HAL_Driver/Src/stm32f4xx_hal_rcc_ex.o
 .debug_abbrev  0x000015c0      0x278 ./Drivers/STM32F4xx_HAL_Driver/Src/stm32f4xx_hal_tim.o
 .debug_abbrev  0x00001838      0x30e ./Drivers/STM32F4xx_HAL_Driver/Src/stm32f4xx_hal_uart.o
 .debug_abbrev  0x00001b46       0xb3 ./Library/microtbx/tbx_assert.o
 .debug_abbrev  0x00001bf9       0x14 ./Library/microtbx/tbx_comp.o
 .debug_abbrev  0x00001c0d       0xc7 ./Library/microtbx/tbx_critsect.o
 .debug_abbrev  0x00001cd4       0xde ./Library/microtbx/tbx_heap.o
 .debug_abbrev  0x00001db2      0x1dc ./Library/microtbx/tbx_list.o
 .debug_abbrev  0x00001f8e      0x1b1 ./Library/microtbx/tbx_mempool.o
 .debug_abbrev  0x0000213f      0x14d ./Library/microtbx-modbus/tbxmb_event.o
 .debug_abbrev  0x0000228c      0x167 ./Library/microtbx-modbus/tbxmb_port.o
 .debug_abbrev  0x000023f3      0x271 ./Library/microtbx-modbus/tbxmb_rtu.o
 .debug_abbrev  0x00002664      0x244 ./Library/microtbx-modbus/tbxmb_server.o
 .debug_abbrev  0x000028a8      0x223 ./Library/microtbx-modbus/tbxmb_superloop.o
 .debug_abbrev  0x00002acb      0x16c ./Library/microtbx-modbus/tbxmb_uart.o

.debug_aranges  0x00000000      0xee8
 .debug_aranges
                0x00000000       0x50 ./Core/Src/main.o
 .debug_aranges
                0x00000050       0x40 ./Core/Src/stm32f4xx_hal_msp.o
 .debug_aranges
                0x00000090       0x68 ./Core/Src/stm32f4xx_it.o
 .debug_aranges
                0x000000f8       0x28 ./Core/Src/system_stm32f4xx.o
 .debug_aranges
                0x00000120       0x28 ./Core/Startup/startup_stm32f446retx.o
 .debug_aranges
                0x00000148       0xf0 ./Drivers/STM32F4xx_HAL_Driver/Src/stm32f4xx_hal.o
 .debug_aranges
                0x00000238      0x120 ./Drivers/STM32F4xx_HAL_Driver/Src/stm32f4xx_hal_cortex.o
 .debug_aranges
                0x00000358       0x90 ./Drivers/STM32F4xx_HAL_Driver/Src/stm32f4xx_hal_dma.o
 .debug_aranges
                0x000003e8       0x58 ./Drivers/STM32F4xx_HAL_Driver/Src/stm32f4xx_hal_gpio.o
 .debug_aranges
                0x00000440       0x88 ./Drivers/STM32F4xx_HAL_Driver/Src/stm32f4xx_hal_rcc.o
 .debug_aranges
                0x000004c8       0x78 ./Drivers/STM32F4xx_HAL_Driver/Src/stm32f4xx_hal_rcc_ex.o
 .debug_aranges
                0x00000540      0x3d0 ./Drivers/STM32F4xx_HAL_Driver/Src/stm32f4xx_hal_tim.o
 .debug_aranges
                0x00000910      0x208 ./Drivers/STM32F4xx_HAL_Driver/Src/stm32f4xx_hal_uart.o
 .debug_aranges
                0x00000b18       0x28 ./Library/microtbx/tbx_assert.o
 .debug_aranges
                0x00000b40       0x20 ./Library/microtbx/tbx_comp.o
 .debug_aranges
                0x00000b60       0x28 ./Library/microtbx/tbx_critsect.o
 .debug_aranges
                0x00000b88       0x28 ./Library/microtbx/tbx_heap.o
 .debug_aranges
                0x00000bb0       0x98 ./Library/microtbx/tbx_list.o
 .debug_aranges
                0x00000c48       0x88 ./Library/microtbx/tbx_mempool.o
 .debug_aranges
                0x00000cd0       0x20 ./Library/microtbx-modbus/tbxmb_event.o
 .debug_aranges
                0x00000cf0       0x40 ./Library/microtbx-modbus/tbxmb_port.o
 .debug_aranges
                0x00000d30       0x70 ./Library/microtbx-modbus/tbxmb_rtu.o
 .debug_aranges
                0x00000da0       0xc0 ./Library/microtbx-modbus/tbxmb_server.o
 .debug_aranges
                0x00000e60       0x50 ./Library/microtbx-modbus/tbxmb_superloop.o
 .debug_aranges
                0x00000eb0       0x38 ./Library/microtbx-modbus/tbxmb_uart.o

.debug_rnglists
                0x00000000      0xc8a
 .debug_rnglists
                0x00000000       0x3a ./Core/Src/main.o
 .debug_rnglists
                0x0000003a       0x2c ./Core/Src/stm32f4xx_hal_msp.o
 .debug_rnglists
                0x00000066       0x49 ./Core/Src/stm32f4xx_it.o
 .debug_rnglists
                0x000000af       0x1a ./Core/Src/system_stm32f4xx.o
 .debug_rnglists
                0x000000c9       0x19 ./Core/Startup/startup_stm32f446retx.o
 .debug_rnglists
                0x000000e2       0xaf ./Drivers/STM32F4xx_HAL_Driver/Src/stm32f4xx_hal.o
 .debug_rnglists
                0x00000191       0xd4 ./Drivers/STM32F4xx_HAL_Driver/Src/stm32f4xx_hal_cortex.o
 .debug_rnglists
                0x00000265       0x70 ./Drivers/STM32F4xx_HAL_Driver/Src/stm32f4xx_hal_dma.o
 .debug_rnglists
                0x000002d5       0x3f ./Drivers/STM32F4xx_HAL_Driver/Src/stm32f4xx_hal_gpio.o
 .debug_rnglists
                0x00000314       0x66 ./Drivers/STM32F4xx_HAL_Driver/Src/stm32f4xx_hal_rcc.o
 .debug_rnglists
                0x0000037a       0x5e ./Drivers/STM32F4xx_HAL_Driver/Src/stm32f4xx_hal_rcc_ex.o
 .debug_rnglists
                0x000003d8      0x31a ./Drivers/STM32F4xx_HAL_Driver/Src/stm32f4xx_hal_tim.o
 .debug_rnglists
                0x000006f2      0x1bc ./Drivers/STM32F4xx_HAL_Driver/Src/stm32f4xx_hal_uart.o
 .debug_rnglists
                0x000008ae       0x19 ./Library/microtbx/tbx_assert.o
 .debug_rnglists
                0x000008c7       0x19 ./Library/microtbx/tbx_critsect.o
 .debug_rnglists
                0x000008e0       0x19 ./Library/microtbx/tbx_heap.o
 .debug_rnglists
                0x000008f9       0x75 ./Library/microtbx/tbx_list.o
 .debug_rnglists
                0x0000096e       0x65 ./Library/microtbx/tbx_mempool.o
 .debug_rnglists
                0x000009d3       0x14 ./Library/microtbx-modbus/tbxmb_event.o
 .debug_rnglists
                0x000009e7       0x2b ./Library/microtbx-modbus/tbxmb_port.o
 .debug_rnglists
                0x00000a12       0x9a ./Library/microtbx-modbus/tbxmb_rtu.o
 .debug_rnglists
                0x00000aac      0x17e ./Library/microtbx-modbus/tbxmb_server.o
 .debug_rnglists
                0x00000c2a       0x3a ./Library/microtbx-modbus/tbxmb_superloop.o
 .debug_rnglists
                0x00000c64       0x26 ./Library/microtbx-modbus/tbxmb_uart.o

.debug_macro    0x00000000    0x21ed0
 .debug_macro   0x00000000      0x2c7 ./Core/Src/main.o
 .debug_macro   0x000002c7      0xab4 ./Core/Src/main.o
 .debug_macro   0x00000d7b      0x29c ./Core/Src/main.o
 .debug_macro   0x00001017       0x2e ./Core/Src/main.o
 .debug_macro   0x00001045       0x28 ./Core/Src/main.o
 .debug_macro   0x0000106d       0x22 ./Core/Src/main.o
 .debug_macro   0x0000108f       0x8e ./Core/Src/main.o
 .debug_macro   0x0000111d       0x51 ./Core/Src/main.o
 .debug_macro   0x0000116e      0x103 ./Core/Src/main.o
 .debug_macro   0x00001271       0x6a ./Core/Src/main.o
 .debug_macro   0x000012db      0x1df ./Core/Src/main.o
 .debug_macro   0x000014ba       0x1c ./Core/Src/main.o
 .debug_macro   0x000014d6       0x22 ./Core/Src/main.o
 .debug_macro   0x000014f8       0xfb ./Core/Src/main.o
 .debug_macro   0x000015f3     0x1011 ./Core/Src/main.o
 .debug_macro   0x00002604      0x11f ./Core/Src/main.o
 .debug_macro   0x00002723    0x16749 ./Core/Src/main.o
 .debug_macro   0x00018e6c       0x6d ./Core/Src/main.o
 .debug_macro   0x00018ed9     0x368c ./Core/Src/main.o
 .debug_macro   0x0001c565      0x189 ./Core/Src/main.o
 .debug_macro   0x0001c6ee       0x5c ./Core/Src/main.o
 .debug_macro   0x0001c74a      0xca5 ./Core/Src/main.o
 .debug_macro   0x0001d3ef      0x9e9 ./Core/Src/main.o
 .debug_macro   0x0001ddd8      0x115 ./Core/Src/main.o
 .debug_macro   0x0001deed      0x1a0 ./Core/Src/main.o
 .debug_macro   0x0001e08d       0xa5 ./Core/Src/main.o
 .debug_macro   0x0001e132      0x16d ./Core/Src/main.o
 .debug_macro   0x0001e29f      0x287 ./Core/Src/main.o
 .debug_macro   0x0001e526       0x5f ./Core/Src/main.o
 .debug_macro   0x0001e585      0x236 ./Core/Src/main.o
 .debug_macro   0x0001e7bb      0x132 ./Core/Src/main.o
 .debug_macro   0x0001e8ed      0x29c ./Core/Src/main.o
 .debug_macro   0x0001eb89       0x2e ./Core/Src/main.o
 .debug_macro   0x0001ebb7      0x127 ./Core/Src/main.o
 .debug_macro   0x0001ecde       0xe8 ./Core/Src/main.o
 .debug_macro   0x0001edc6       0x89 ./Core/Src/main.o
 .debug_macro   0x0001ee4f      0x8ed ./Core/Src/main.o
 .debug_macro   0x0001f73c       0x53 ./Core/Src/main.o
 .debug_macro   0x0001f78f      0x2aa ./Core/Src/main.o
 .debug_macro   0x0001fa39      0x126 ./Core/Src/main.o
 .debug_macro   0x0001fb5f       0x58 ./Core/Src/main.o
 .debug_macro   0x0001fbb7       0x16 ./Core/Src/main.o
 .debug_macro   0x0001fbcd       0x10 ./Core/Src/main.o
 .debug_macro   0x0001fbdd       0x40 ./Core/Src/main.o
 .debug_macro   0x0001fc1d       0x88 ./Core/Src/main.o
 .debug_macro   0x0001fca5       0x2e ./Core/Src/main.o
 .debug_macro   0x0001fcd3       0x16 ./Core/Src/main.o
 .debug_macro   0x0001fce9      0x1dd ./Core/Src/stm32f4xx_hal_msp.o
 .debug_macro   0x0001fec6      0x1e7 ./Core/Src/stm32f4xx_it.o
 .debug_macro   0x000200ad      0x1ce ./Core/Src/system_stm32f4xx.o
 .debug_macro   0x0002027b      0x22e ./Drivers/STM32F4xx_HAL_Driver/Src/stm32f4xx_hal.o
 .debug_macro   0x000204a9      0x1ce ./Drivers/STM32F4xx_HAL_Driver/Src/stm32f4xx_hal_cortex.o
 .debug_macro   0x00020677      0x1d4 ./Drivers/STM32F4xx_HAL_Driver/Src/stm32f4xx_hal_dma.o
 .debug_macro   0x0002084b      0x1d4 ./Drivers/STM32F4xx_HAL_Driver/Src/stm32f4xx_hal_gpio.o
 .debug_macro   0x00020a1f      0x1f2 ./Drivers/STM32F4xx_HAL_Driver/Src/stm32f4xx_hal_rcc.o
 .debug_macro   0x00020c11      0x1ce ./Drivers/STM32F4xx_HAL_Driver/Src/stm32f4xx_hal_rcc_ex.o
 .debug_macro   0x00020ddf      0x1cf ./Drivers/STM32F4xx_HAL_Driver/Src/stm32f4xx_hal_tim.o
 .debug_macro   0x00020fae      0x1cf ./Drivers/STM32F4xx_HAL_Driver/Src/stm32f4xx_hal_uart.o
 .debug_macro   0x0002117d       0xf1 ./Library/microtbx/tbx_assert.o
 .debug_macro   0x0002126e       0xf1 ./Library/microtbx/tbx_critsect.o
 .debug_macro   0x0002135f       0xf1 ./Library/microtbx/tbx_heap.o
 .debug_macro   0x00021450       0xf1 ./Library/microtbx/tbx_list.o
 .debug_macro   0x00021541       0xf1 ./Library/microtbx/tbx_mempool.o
 .debug_macro   0x00021632      0x165 ./Library/microtbx-modbus/tbxmb_event.o
 .debug_macro   0x00021797      0x152 ./Library/microtbx-modbus/tbxmb_port.o
 .debug_macro   0x000218e9      0x1a2 ./Library/microtbx-modbus/tbxmb_rtu.o
 .debug_macro   0x00021a8b      0x17e ./Library/microtbx-modbus/tbxmb_server.o
 .debug_macro   0x00021c09      0x16b ./Library/microtbx-modbus/tbxmb_superloop.o
 .debug_macro   0x00021d74      0x15c ./Library/microtbx-modbus/tbxmb_uart.o

.debug_line     0x00000000    0x1266c
 .debug_line    0x00000000      0x9b5 ./Core/Src/main.o
 .debug_line    0x000009b5      0x71c ./Core/Src/stm32f4xx_hal_msp.o
 .debug_line    0x000010d1      0x76e ./Core/Src/stm32f4xx_it.o
 .debug_line    0x0000183f      0x718 ./Core/Src/system_stm32f4xx.o
 .debug_line    0x00001f57       0x7a ./Core/Startup/startup_stm32f446retx.o
 .debug_line    0x00001fd1      0x981 ./Drivers/STM32F4xx_HAL_Driver/Src/stm32f4xx_hal.o
 .debug_line    0x00002952      0xc49 ./Drivers/STM32F4xx_HAL_Driver/Src/stm32f4xx_hal_cortex.o
 .debug_line    0x0000359b      0xef1 ./Drivers/STM32F4xx_HAL_Driver/Src/stm32f4xx_hal_dma.o
 .debug_line    0x0000448c      0xaf9 ./Drivers/STM32F4xx_HAL_Driver/Src/stm32f4xx_hal_gpio.o
 .debug_line    0x00004f85      0xd00 ./Drivers/STM32F4xx_HAL_Driver/Src/stm32f4xx_hal_rcc.o
 .debug_line    0x00005c85     0x139f ./Drivers/STM32F4xx_HAL_Driver/Src/stm32f4xx_hal_rcc_ex.o
 .debug_line    0x00007024     0x3725 ./Drivers/STM32F4xx_HAL_Driver/Src/stm32f4xx_hal_tim.o
 .debug_line    0x0000a749     0x2853 ./Drivers/STM32F4xx_HAL_Driver/Src/stm32f4xx_hal_uart.o
 .debug_line    0x0000cf9c      0x473 ./Library/microtbx/tbx_assert.o
 .debug_line    0x0000d40f       0x4f ./Library/microtbx/tbx_comp.o
 .debug_line    0x0000d45e      0x47c ./Library/microtbx/tbx_critsect.o
 .debug_line    0x0000d8da      0x48d ./Library/microtbx/tbx_heap.o
 .debug_line    0x0000dd67      0xa9b ./Library/microtbx/tbx_list.o
 .debug_line    0x0000e802      0x8d0 ./Library/microtbx/tbx_mempool.o
 .debug_line    0x0000f0d2      0x5da ./Library/microtbx-modbus/tbxmb_event.o
 .debug_line    0x0000f6ac      0x58d ./Library/microtbx-modbus/tbxmb_port.o
 .debug_line    0x0000fc39      0xbf2 ./Library/microtbx-modbus/tbxmb_rtu.o
 .debug_line    0x0001082b     0x114f ./Library/microtbx-modbus/tbxmb_server.o
 .debug_line    0x0001197a      0x702 ./Library/microtbx-modbus/tbxmb_superloop.o
 .debug_line    0x0001207c      0x5f0 ./Library/microtbx-modbus/tbxmb_uart.o

.debug_str      0x00000000    0xcee90
 .debug_str     0x00000000    0xca861 ./Core/Src/main.o
                              0xcabb2 (size before relaxing)
 .debug_str     0x000ca861      0x601 ./Core/Src/stm32f4xx_hal_msp.o
                              0xca549 (size before relaxing)
 .debug_str     0x000cae62       0xef ./Core/Src/stm32f4xx_it.o
                              0xc9b9e (size before relaxing)
 .debug_str     0x000caf51       0xdb ./Core/Src/system_stm32f4xx.o
                              0xc9717 (size before relaxing)
 .debug_str     0x000cb02c       0x44 ./Core/Startup/startup_stm32f446retx.o
                                 0x84 (size before relaxing)
 .debug_str     0x000cb070      0x5ee ./Drivers/STM32F4xx_HAL_Driver/Src/stm32f4xx_hal.o
                              0xca2dc (size before relaxing)
 .debug_str     0x000cb65e      0x33a ./Drivers/STM32F4xx_HAL_Driver/Src/stm32f4xx_hal_cortex.o
                              0xca001 (size before relaxing)
 .debug_str     0x000cb998      0x323 ./Drivers/STM32F4xx_HAL_Driver/Src/stm32f4xx_hal_dma.o
                              0xc9b0c (size before relaxing)
 .debug_str     0x000cbcbb      0x121 ./Drivers/STM32F4xx_HAL_Driver/Src/stm32f4xx_hal_gpio.o
                              0xc9892 (size before relaxing)
 .debug_str     0x000cbddc      0x233 ./Drivers/STM32F4xx_HAL_Driver/Src/stm32f4xx_hal_rcc.o
                              0xc9b50 (size before relaxing)
 .debug_str     0x000cc00f      0x324 ./Drivers/STM32F4xx_HAL_Driver/Src/stm32f4xx_hal_rcc_ex.o
                              0xc9b83 (size before relaxing)
 .debug_str     0x000cc333      0xe76 ./Drivers/STM32F4xx_HAL_Driver/Src/stm32f4xx_hal_tim.o
                              0xcaa7c (size before relaxing)
 .debug_str     0x000cd1a9      0x5f7 ./Drivers/STM32F4xx_HAL_Driver/Src/stm32f4xx_hal_uart.o
                              0xca107 (size before relaxing)
 .debug_str     0x000cd7a0       0x7f ./Library/microtbx/tbx_assert.o
                               0x42d2 (size before relaxing)
 .debug_str     0x000cd81f       0x1f ./Library/microtbx/tbx_comp.o
                                 0x6d (size before relaxing)
 .debug_str     0x000cd83e       0xc3 ./Library/microtbx/tbx_critsect.o
                               0x4322 (size before relaxing)
 .debug_str     0x000cd901       0x7b ./Library/microtbx/tbx_heap.o
                               0x4329 (size before relaxing)
 .debug_str     0x000cd97c      0x2de ./Library/microtbx/tbx_list.o
                               0x458c (size before relaxing)
 .debug_str     0x000cdc5a      0x258 ./Library/microtbx/tbx_mempool.o
                               0x4569 (size before relaxing)
 .debug_str     0x000cdeb2      0x238 ./Library/microtbx-modbus/tbxmb_event.o
                               0x4b29 (size before relaxing)
 .debug_str     0x000ce0ea      0x130 ./Library/microtbx-modbus/tbxmb_port.o
                               0x4aff (size before relaxing)
 .debug_str     0x000ce21a      0x63d ./Library/microtbx-modbus/tbxmb_rtu.o
                               0x525c (size before relaxing)
 .debug_str     0x000ce857      0x4fb ./Library/microtbx-modbus/tbxmb_server.o
                               0x5226 (size before relaxing)
 .debug_str     0x000ced52       0xda ./Library/microtbx-modbus/tbxmb_superloop.o
                               0x4b51 (size before relaxing)
 .debug_str     0x000cee2c       0x64 ./Library/microtbx-modbus/tbxmb_uart.o
                               0x4b4f (size before relaxing)

.comment        0x00000000       0x43
 .comment       0x00000000       0x43 ./Core/Src/main.o
                                 0x44 (size before relaxing)
 .comment       0x00000043       0x44 ./Core/Src/stm32f4xx_hal_msp.o
 .comment       0x00000043       0x44 ./Core/Src/stm32f4xx_it.o
 .comment       0x00000043       0x44 ./Core/Src/system_stm32f4xx.o
 .comment       0x00000043       0x44 ./Drivers/STM32F4xx_HAL_Driver/Src/stm32f4xx_hal.o
 .comment       0x00000043       0x44 ./Drivers/STM32F4xx_HAL_Driver/Src/stm32f4xx_hal_cortex.o
 .comment       0x00000043       0x44 ./Drivers/STM32F4xx_HAL_Driver/Src/stm32f4xx_hal_dma.o
 .comment       0x00000043       0x44 ./Drivers/STM32F4xx_HAL_Driver/Src/stm32f4xx_hal_gpio.o
 .comment       0x00000043       0x44 ./Drivers/STM32F4xx_HAL_Driver/Src/stm32f4xx_hal_rcc.o
 .comment       0x00000043       0x44 ./Drivers/STM32F4xx_HAL_Driver/Src/stm32f4xx_hal_rcc_ex.o
 .comment       0x00000043       0x44 ./Drivers/STM32F4xx_HAL_Driver/Src/stm32f4xx_hal_tim.o
 .comment       0x00000043       0x44 ./Drivers/STM32F4xx_HAL_Driver/Src/stm32f4xx_hal_uart.o
 .comment       0x00000043       0x44 ./Library/microtbx/tbx_assert.o
 .comment       0x00000043       0x44 ./Library/microtbx/tbx_critsect.o
 .comment       0x00000043       0x44 ./Library/microtbx/tbx_heap.o
 .comment       0x00000043       0x44 ./Library/microtbx/tbx_list.o
 .comment       0x00000043       0x44 ./Library/microtbx/tbx_mempool.o
 .comment       0x00000043       0x44 ./Library/microtbx-modbus/tbxmb_event.o
 .comment       0x00000043       0x44 ./Library/microtbx-modbus/tbxmb_port.o
 .comment       0x00000043       0x44 ./Library/microtbx-modbus/tbxmb_rtu.o
 .comment       0x00000043       0x44 ./Library/microtbx-modbus/tbxmb_server.o
 .comment       0x00000043       0x44 ./Library/microtbx-modbus/tbxmb_superloop.o
 .comment       0x00000043       0x44 ./Library/microtbx-modbus/tbxmb_uart.o

.debug_frame    0x00000000     0x3b54
 .debug_frame   0x00000000       0xec ./Core/Src/main.o
 .debug_frame   0x000000ec       0xcc ./Core/Src/stm32f4xx_hal_msp.o
 .debug_frame   0x000001b8      0x120 ./Core/Src/stm32f4xx_it.o
 .debug_frame   0x000002d8       0x58 ./Core/Src/system_stm32f4xx.o
 .debug_frame   0x00000330      0x374 ./Drivers/STM32F4xx_HAL_Driver/Src/stm32f4xx_hal.o
 .debug_frame   0x000006a4      0x4b8 ./Drivers/STM32F4xx_HAL_Driver/Src/stm32f4xx_hal_cortex.o
 .debug_frame   0x00000b5c      0x250 ./Drivers/STM32F4xx_HAL_Driver/Src/stm32f4xx_hal_dma.o
 .debug_frame   0x00000dac      0x14c ./Drivers/STM32F4xx_HAL_Driver/Src/stm32f4xx_hal_gpio.o
 .debug_frame   0x00000ef8      0x1f4 ./Drivers/STM32F4xx_HAL_Driver/Src/stm32f4xx_hal_rcc.o
 .debug_frame   0x000010ec      0x1e8 ./Drivers/STM32F4xx_HAL_Driver/Src/stm32f4xx_hal_rcc_ex.o
 .debug_frame   0x000012d4     0x11c0 ./Drivers/STM32F4xx_HAL_Driver/Src/stm32f4xx_hal_tim.o
 .debug_frame   0x00002494      0x954 ./Drivers/STM32F4xx_HAL_Driver/Src/stm32f4xx_hal_uart.o
 .debug_frame   0x00002de8       0x58 ./Library/microtbx/tbx_assert.o
 .debug_frame   0x00002e40       0x50 ./Library/microtbx/tbx_critsect.o
 .debug_frame   0x00002e90       0x58 ./Library/microtbx/tbx_heap.o
 .debug_frame   0x00002ee8      0x250 ./Library/microtbx/tbx_list.o
 .debug_frame   0x00003138      0x208 ./Library/microtbx/tbx_mempool.o
 .debug_frame   0x00003340       0x34 ./Library/microtbx-modbus/tbxmb_event.o
 .debug_frame   0x00003374       0xc8 ./Library/microtbx-modbus/tbxmb_port.o
 .debug_frame   0x0000343c      0x1a8 ./Library/microtbx-modbus/tbxmb_rtu.o
 .debug_frame   0x000035e4      0x314 ./Library/microtbx-modbus/tbxmb_server.o
 .debug_frame   0x000038f8      0x10c ./Library/microtbx-modbus/tbxmb_superloop.o
 .debug_frame   0x00003a04       0xa4 ./Library/microtbx-modbus/tbxmb_uart.o
 .debug_frame   0x00003aa8       0x20 /opt/st/stm32cubeide_1.15.0/plugins/com.st.stm32cube.ide.mcu.externaltools.gnu-tools-for-stm32.12.3.rel1.linux64_1.0.100.202403111256/tools/bin/../lib/gcc/arm-none-eabi/12.3.1/../../../../arm-none-eabi/lib/thumb/v7e-m+fp/hard/libc_nano.a(libc_a-memset.o)
 .debug_frame   0x00003ac8       0x2c /opt/st/stm32cubeide_1.15.0/plugins/com.st.stm32cube.ide.mcu.externaltools.gnu-tools-for-stm32.12.3.rel1.linux64_1.0.100.202403111256/tools/bin/../lib/gcc/arm-none-eabi/12.3.1/../../../../arm-none-eabi/lib/thumb/v7e-m+fp/hard/libc_nano.a(libc_a-init.o)
 .debug_frame   0x00003af4       0x2c /opt/st/stm32cubeide_1.15.0/plugins/com.st.stm32cube.ide.mcu.externaltools.gnu-tools-for-stm32.12.3.rel1.linux64_1.0.100.202403111256/tools/bin/../lib/gcc/arm-none-eabi/12.3.1/thumb/v7e-m+fp/hard/libgcc.a(_aeabi_uldivmod.o)
 .debug_frame   0x00003b20       0x34 /opt/st/stm32cubeide_1.15.0/plugins/com.st.stm32cube.ide.mcu.externaltools.gnu-tools-for-stm32.12.3.rel1.linux64_1.0.100.202403111256/tools/bin/../lib/gcc/arm-none-eabi/12.3.1/thumb/v7e-m+fp/hard/libgcc.a(_udivmoddi4.o)

.debug_line_str
                0x00000000       0x87
 .debug_line_str
                0x00000000       0x68 ./Core/Startup/startup_stm32f446retx.o
 .debug_line_str
                0x00000068       0x1f ./Library/microtbx/tbx_comp.o
                                 0x5f (size before relaxing)
